// Jest Snapshot v1, https://goo.gl/fbAQLP

exports[`Close Button test_renders_without_crashing: --updateSnapshot 1`] = `
<View
  accessibilityState={
    {
      "busy": undefined,
      "checked": undefined,
      "disabled": undefined,
      "expanded": undefined,
      "selected": undefined,
    }
  }
  accessibilityValue={
    {
      "max": undefined,
      "min": undefined,
      "now": undefined,
      "text": undefined,
    }
  }
  accessible={true}
  collapsable={false}
  focusable={true}
  onBlur={[Function]}
  onClick={[Function]}
  onFocus={[Function]}
  onResponderGrant={[Function]}
  onResponderMove={[Function]}
  onResponderRelease={[Function]}
  onResponderTerminate={[Function]}
  onResponderTerminationRequest={[Function]}
  onStartShouldSetResponder={[Function]}
  testID="close-button"
>
  <Image
    source={
      {
        "uri": "fake/image.png",
      }
    }
    style={
      {
        "marginRight": 15,
        "tintColor": "rgb(28, 28, 30)",
      }
    }
  />
</View>
`;
